// Jest Snapshot v1, https://goo.gl/fbAQLP

exports[`renders correctly 1`] = `
<View
  style={
    Array [
      Object {
        "backgroundColor": "#303030",
        "flexBasis": 0,
        "flexGrow": 2,
        "flexShrink": 1,
      },
    ]
  }
>
  <View
    style={
      Array [
        Object {
          "flexBasis": 0,
          "flexDirection": "row",
          "flexGrow": 1,
          "flexShrink": 1,
        },
      ]
    }
  >
    <View
      accessible={true}
      focusable={true}
      onClick={[Function]}
      onResponderGrant={[Function]}
      onResponderMove={[Function]}
      onResponderRelease={[Function]}
      onResponderTerminate={[Function]}
      onResponderTerminationRequest={[Function]}
      onStartShouldSetResponder={[Function]}
      style={
        Object {
          "backgroundColor": "#525252",
          "borderColor": "#303030",
          "borderStyle": "solid",
          "borderWidth": 1,
          "justifyContent": "center",
          "opacity": 1,
          "width": "25%",
        }
      }
    >
      <Text
        adjustsFontSizeToFit={true}
        numberOfLines={1}
        style={
          Array [
            Object {
              "color": "white",
              "fontSize": 45,
              "fontWeight": "200",
              "textAlign": "center",
            },
          ]
        }
      >
        AC
      </Text>
    </View>
    <View
      accessible={true}
      focusable={true}
      onClick={[Function]}
      onResponderGrant={[Function]}
      onResponderMove={[Function]}
      onResponderRelease={[Function]}
      onResponderTerminate={[Function]}
      onResponderTerminationRequest={[Function]}
      onStartShouldSetResponder={[Function]}
      style={
        Object {
          "backgroundColor": "#525252",
          "borderColor": "#303030",
          "borderStyle": "solid",
          "borderWidth": 1,
          "justifyContent": "center",
          "opacity": 1,
          "width": "25%",
        }
      }
    >
      <Text
        adjustsFontSizeToFit={true}
        numberOfLines={1}
        style={
          Array [
            Object {
              "color": "white",
              "fontSize": 45,
              "fontWeight": "200",
              "textAlign": "center",
            },
          ]
        }
      >
        +/-
      </Text>
    </View>
    <View
      accessible={true}
      focusable={true}
      onClick={[Function]}
      onResponderGrant={[Function]}
      onResponderMove={[Function]}
      onResponderRelease={[Function]}
      onResponderTerminate={[Function]}
      onResponderTerminationRequest={[Function]}
      onStartShouldSetResponder={[Function]}
      style={
        Object {
          "backgroundColor": "#525252",
          "borderColor": "#303030",
          "borderStyle": "solid",
          "borderWidth": 1,
          "justifyContent": "center",
          "opacity": 1,
          "width": "25%",
        }
      }
    >
      <Text
        adjustsFontSizeToFit={true}
        numberOfLines={1}
        style={
          Array [
            Object {
              "color": "white",
              "fontSize": 45,
              "fontWeight": "200",
              "textAlign": "center",
            },
          ]
        }
      >
        %
      </Text>
    </View>
    <View
      accessible={true}
      focusable={true}
      onClick={[Function]}
      onResponderGrant={[Function]}
      onResponderMove={[Function]}
      onResponderRelease={[Function]}
      onResponderTerminate={[Function]}
      onResponderTerminationRequest={[Function]}
      onStartShouldSetResponder={[Function]}
      style={
        Object {
          "backgroundColor": "#fa9f0d",
          "borderColor": "#303030",
          "borderStyle": "solid",
          "borderWidth": 1,
          "justifyContent": "center",
          "opacity": 1,
          "width": "25%",
        }
      }
    >
      <Text
        adjustsFontSizeToFit={true}
        numberOfLines={1}
        style={
          Array [
            Object {
              "color": "white",
              "fontSize": 45,
              "fontWeight": "200",
              "textAlign": "center",
            },
          ]
        }
      >
        /
      </Text>
    </View>
  </View>
  <View
    style={
      Array [
        Object {
          "flexBasis": 0,
          "flexDirection": "row",
          "flexGrow": 1,
          "flexShrink": 1,
        },
      ]
    }
  >
    <View
      accessible={true}
      focusable={true}
      onClick={[Function]}
      onResponderGrant={[Function]}
      onResponderMove={[Function]}
      onResponderRelease={[Function]}
      onResponderTerminate={[Function]}
      onResponderTerminationRequest={[Function]}
      onStartShouldSetResponder={[Function]}
      style={
        Object {
          "backgroundColor": "#707070",
          "borderColor": "#303030",
          "borderStyle": "solid",
          "borderWidth": 1,
          "justifyContent": "center",
          "opacity": 1,
          "width": "25%",
        }
      }
    >
      <Text
        adjustsFontSizeToFit={true}
        numberOfLines={1}
        style={
          Array [
            Object {
              "color": "white",
              "fontSize": 45,
              "fontWeight": "200",
              "textAlign": "center",
            },
          ]
        }
      >
        7
      </Text>
    </View>
    <View
      accessible={true}
      focusable={true}
      onClick={[Function]}
      onResponderGrant={[Function]}
      onResponderMove={[Function]}
      onResponderRelease={[Function]}
      onResponderTerminate={[Function]}
      onResponderTerminationRequest={[Function]}
      onStartShouldSetResponder={[Function]}
      style={
        Object {
          "backgroundColor": "#707070",
          "borderColor": "#303030",
          "borderStyle": "solid",
          "borderWidth": 1,
          "justifyContent": "center",
          "opacity": 1,
          "width": "25%",
        }
      }
    >
      <Text
        adjustsFontSizeToFit={true}
        numberOfLines={1}
        style={
          Array [
            Object {
              "color": "white",
              "fontSize": 45,
              "fontWeight": "200",
              "textAlign": "center",
            },
          ]
        }
      >
        8
      </Text>
    </View>
    <View
      accessible={true}
      focusable={true}
      onClick={[Function]}
      onResponderGrant={[Function]}
      onResponderMove={[Function]}
      onResponderRelease={[Function]}
      onResponderTerminate={[Function]}
      onResponderTerminationRequest={[Function]}
      onStartShouldSetResponder={[Function]}
      style={
        Object {
          "backgroundColor": "#707070",
          "borderColor": "#303030",
          "borderStyle": "solid",
          "borderWidth": 1,
          "justifyContent": "center",
          "opacity": 1,
          "width": "25%",
        }
      }
    >
      <Text
        adjustsFontSizeToFit={true}
        numberOfLines={1}
        style={
          Array [
            Object {
              "color": "white",
              "fontSize": 45,
              "fontWeight": "200",
              "textAlign": "center",
            },
          ]
        }
      >
        9
      </Text>
    </View>
    <View
      accessible={true}
      focusable={true}
      onClick={[Function]}
      onResponderGrant={[Function]}
      onResponderMove={[Function]}
      onResponderRelease={[Function]}
      onResponderTerminate={[Function]}
      onResponderTerminationRequest={[Function]}
      onStartShouldSetResponder={[Function]}
      style={
        Object {
          "backgroundColor": "#fa9f0d",
          "borderColor": "#303030",
          "borderStyle": "solid",
          "borderWidth": 1,
          "justifyContent": "center",
          "opacity": 1,
          "width": "25%",
        }
      }
    >
      <Text
        adjustsFontSizeToFit={true}
        numberOfLines={1}
        style={
          Array [
            Object {
              "color": "white",
              "fontSize": 45,
              "fontWeight": "200",
              "textAlign": "center",
            },
          ]
        }
      >
        x
      </Text>
    </View>
  </View>
  <View
    style={
      Array [
        Object {
          "flexBasis": 0,
          "flexDirection": "row",
          "flexGrow": 1,
          "flexShrink": 1,
        },
      ]
    }
  >
    <View
      accessible={true}
      focusable={true}
      onClick={[Function]}
      onResponderGrant={[Function]}
      onResponderMove={[Function]}
      onResponderRelease={[Function]}
      onResponderTerminate={[Function]}
      onResponderTerminationRequest={[Function]}
      onStartShouldSetResponder={[Function]}
      style={
        Object {
          "backgroundColor": "#707070",
          "borderColor": "#303030",
          "borderStyle": "solid",
          "borderWidth": 1,
          "justifyContent": "center",
          "opacity": 1,
          "width": "25%",
        }
      }
    >
      <Text
        adjustsFontSizeToFit={true}
        numberOfLines={1}
        style={
          Array [
            Object {
              "color": "white",
              "fontSize": 45,
              "fontWeight": "200",
              "textAlign": "center",
            },
          ]
        }
      >
        4
      </Text>
    </View>
    <View
      accessible={true}
      focusable={true}
      onClick={[Function]}
      onResponderGrant={[Function]}
      onResponderMove={[Function]}
      onResponderRelease={[Function]}
      onResponderTerminate={[Function]}
      onResponderTerminationRequest={[Function]}
      onStartShouldSetResponder={[Function]}
      style={
        Object {
          "backgroundColor": "#707070",
          "borderColor": "#303030",
          "borderStyle": "solid",
          "borderWidth": 1,
          "justifyContent": "center",
          "opacity": 1,
          "width": "25%",
        }
      }
    >
      <Text
        adjustsFontSizeToFit={true}
        numberOfLines={1}
        style={
          Array [
            Object {
              "color": "white",
              "fontSize": 45,
              "fontWeight": "200",
              "textAlign": "center",
            },
          ]
        }
      >
        5
      </Text>
    </View>
    <View
      accessible={true}
      focusable={true}
      onClick={[Function]}
      onResponderGrant={[Function]}
      onResponderMove={[Function]}
      onResponderRelease={[Function]}
      onResponderTerminate={[Function]}
      onResponderTerminationRequest={[Function]}
      onStartShouldSetResponder={[Function]}
      style={
        Object {
          "backgroundColor": "#707070",
          "borderColor": "#303030",
          "borderStyle": "solid",
          "borderWidth": 1,
          "justifyContent": "center",
          "opacity": 1,
          "width": "25%",
        }
      }
    >
      <Text
        adjustsFontSizeToFit={true}
        numberOfLines={1}
        style={
          Array [
            Object {
              "color": "white",
              "fontSize": 45,
              "fontWeight": "200",
              "textAlign": "center",
            },
          ]
        }
      >
        6
      </Text>
    </View>
    <View
      accessible={true}
      focusable={true}
      onClick={[Function]}
      onResponderGrant={[Function]}
      onResponderMove={[Function]}
      onResponderRelease={[Function]}
      onResponderTerminate={[Function]}
      onResponderTerminationRequest={[Function]}
      onStartShouldSetResponder={[Function]}
      style={
        Object {
          "backgroundColor": "#fa9f0d",
          "borderColor": "#303030",
          "borderStyle": "solid",
          "borderWidth": 1,
          "justifyContent": "center",
          "opacity": 1,
          "width": "25%",
        }
      }
    >
      <Text
        adjustsFontSizeToFit={true}
        numberOfLines={1}
        style={
          Array [
            Object {
              "color": "white",
              "fontSize": 45,
              "fontWeight": "200",
              "textAlign": "center",
            },
          ]
        }
      >
        -
      </Text>
    </View>
  </View>
  <View
    style={
      Array [
        Object {
          "flexBasis": 0,
          "flexDirection": "row",
          "flexGrow": 1,
          "flexShrink": 1,
        },
      ]
    }
  >
    <View
      accessible={true}
      focusable={true}
      onClick={[Function]}
      onResponderGrant={[Function]}
      onResponderMove={[Function]}
      onResponderRelease={[Function]}
      onResponderTerminate={[Function]}
      onResponderTerminationRequest={[Function]}
      onStartShouldSetResponder={[Function]}
      style={
        Object {
          "backgroundColor": "#707070",
          "borderColor": "#303030",
          "borderStyle": "solid",
          "borderWidth": 1,
          "justifyContent": "center",
          "opacity": 1,
          "width": "25%",
        }
      }
    >
      <Text
        adjustsFontSizeToFit={true}
        numberOfLines={1}
        style={
          Array [
            Object {
              "color": "white",
              "fontSize": 45,
              "fontWeight": "200",
              "textAlign": "center",
            },
          ]
        }
      >
        1
      </Text>
    </View>
    <View
      accessible={true}
      focusable={true}
      onClick={[Function]}
      onResponderGrant={[Function]}
      onResponderMove={[Function]}
      onResponderRelease={[Function]}
      onResponderTerminate={[Function]}
      onResponderTerminationRequest={[Function]}
      onStartShouldSetResponder={[Function]}
      style={
        Object {
          "backgroundColor": "#707070",
          "borderColor": "#303030",
          "borderStyle": "solid",
          "borderWidth": 1,
          "justifyContent": "center",
          "opacity": 1,
          "width": "25%",
        }
      }
    >
      <Text
        adjustsFontSizeToFit={true}
        numberOfLines={1}
        style={
          Array [
            Object {
              "color": "white",
              "fontSize": 45,
              "fontWeight": "200",
              "textAlign": "center",
            },
          ]
        }
      >
        2
      </Text>
    </View>
    <View
      accessible={true}
      focusable={true}
      onClick={[Function]}
      onResponderGrant={[Function]}
      onResponderMove={[Function]}
      onResponderRelease={[Function]}
      onResponderTerminate={[Function]}
      onResponderTerminationRequest={[Function]}
      onStartShouldSetResponder={[Function]}
      style={
        Object {
          "backgroundColor": "#707070",
          "borderColor": "#303030",
          "borderStyle": "solid",
          "borderWidth": 1,
          "justifyContent": "center",
          "opacity": 1,
          "width": "25%",
        }
      }
    >
      <Text
        adjustsFontSizeToFit={true}
        numberOfLines={1}
        style={
          Array [
            Object {
              "color": "white",
              "fontSize": 45,
              "fontWeight": "200",
              "textAlign": "center",
            },
          ]
        }
      >
        3
      </Text>
    </View>
    <View
      accessible={true}
      focusable={true}
      onClick={[Function]}
      onResponderGrant={[Function]}
      onResponderMove={[Function]}
      onResponderRelease={[Function]}
      onResponderTerminate={[Function]}
      onResponderTerminationRequest={[Function]}
      onStartShouldSetResponder={[Function]}
      style={
        Object {
          "backgroundColor": "#fa9f0d",
          "borderColor": "#303030",
          "borderStyle": "solid",
          "borderWidth": 1,
          "justifyContent": "center",
          "opacity": 1,
          "width": "25%",
        }
      }
    >
      <Text
        adjustsFontSizeToFit={true}
        numberOfLines={1}
        style={
          Array [
            Object {
              "color": "white",
              "fontSize": 45,
              "fontWeight": "200",
              "textAlign": "center",
            },
          ]
        }
      >
        +
      </Text>
    </View>
  </View>
  <View
    style={
      Array [
        Object {
          "flexBasis": 0,
          "flexDirection": "row",
          "flexGrow": 1,
          "flexShrink": 1,
        },
      ]
    }
  >
    <View
      accessible={true}
      focusable={true}
      onClick={[Function]}
      onResponderGrant={[Function]}
      onResponderMove={[Function]}
      onResponderRelease={[Function]}
      onResponderTerminate={[Function]}
      onResponderTerminationRequest={[Function]}
      onStartShouldSetResponder={[Function]}
      style={
        Object {
          "backgroundColor": "#707070",
          "borderColor": "#303030",
          "borderStyle": "solid",
          "borderWidth": 1,
          "justifyContent": "center",
          "opacity": 1,
          "width": "50%",
        }
      }
    >
      <Text
        adjustsFontSizeToFit={true}
        numberOfLines={1}
        style={
          Array [
            Object {
              "color": "white",
              "fontSize": 45,
              "fontWeight": "200",
              "textAlign": "center",
            },
          ]
        }
      >
        0
      </Text>
    </View>
    <View
      accessible={true}
      focusable={true}
      onClick={[Function]}
      onResponderGrant={[Function]}
      onResponderMove={[Function]}
      onResponderRelease={[Function]}
      onResponderTerminate={[Function]}
      onResponderTerminationRequest={[Function]}
      onStartShouldSetResponder={[Function]}
      style={
        Object {
          "backgroundColor": "#707070",
          "borderColor": "#303030",
          "borderStyle": "solid",
          "borderWidth": 1,
          "justifyContent": "center",
          "opacity": 1,
          "width": "25%",
        }
      }
    >
      <Text
        adjustsFontSizeToFit={true}
        numberOfLines={1}
        style={
          Array [
            Object {
              "color": "white",
              "fontSize": 45,
              "fontWeight": "200",
              "textAlign": "center",
            },
          ]
        }
      >
        .
      </Text>
    </View>
    <View
      accessible={true}
      focusable={true}
      onClick={[Function]}
      onResponderGrant={[Function]}
      onResponderMove={[Function]}
      onResponderRelease={[Function]}
      onResponderTerminate={[Function]}
      onResponderTerminationRequest={[Function]}
      onStartShouldSetResponder={[Function]}
      style={
        Object {
          "backgroundColor": "#fa9f0d",
          "borderColor": "#303030",
          "borderStyle": "solid",
          "borderWidth": 1,
          "justifyContent": "center",
          "opacity": 1,
          "width": "25%",
        }
      }
    >
      <Text
        adjustsFontSizeToFit={true}
        numberOfLines={1}
        style={
          Array [
            Object {
              "color": "white",
              "fontSize": 45,
              "fontWeight": "200",
              "textAlign": "center",
            },
          ]
        }
      >
        =
      </Text>
    </View>
  </View>
</View>
`;
